﻿00:00 +0: loading D:/programs/ascend_app/test/custom_web_view_test.dart
00:00 +0: (setUpAll)
00:00 +0: CustomWebView renders correctly and displays title
ΓòÉΓòÉΓòí EXCEPTION CAUGHT BY WIDGETS LIBRARY Γò₧ΓòÉΓòÉΓòÉΓòÉΓòÉΓòÉΓòÉΓòÉΓòÉΓòÉΓòÉΓòÉΓòÉΓòÉΓòÉΓòÉΓòÉΓòÉΓòÉΓòÉΓòÉΓòÉΓòÉΓòÉΓòÉΓòÉΓòÉΓòÉΓòÉΓòÉΓòÉΓòÉΓòÉΓòÉΓòÉΓòÉΓòÉΓòÉΓòÉΓòÉΓòÉΓòÉΓòÉΓòÉΓòÉΓòÉΓòÉΓòÉΓòÉΓòÉΓòÉΓòÉΓòÉΓòÉΓòÉΓòÉΓòÉΓòÉΓòÉ
The following UnimplementedError was thrown building Builder:
setOnPageStarted is not implemented on the current platform.

The relevant error-causing widget was:
  MaterialApp MaterialApp:file:///D:/programs/ascend_app/test/custom_web_view_test.dart:70:13

When the exception was thrown, this was the stack:
#0      PlatformNavigationDelegate.setOnPageStarted (package:webview_flutter_platform_interface/src/platform_navigation_delegate.dart:95:5)
#1      new NavigationDelegate.fromPlatform (package:webview_flutter/src/navigation_delegate.dart:138:16)
#2      new NavigationDelegate.fromPlatformCreationParams (package:webview_flutter/src/navigation_delegate.dart:108:13)
#3      new NavigationDelegate (package:webview_flutter/src/navigation_delegate.dart:54:13)
#4      _CustomWebViewState.initState (package:ascend_app/views/custom_web_view.dart:30:9)
#5      StatefulElement._firstBuild (package:flutter/src/widgets/framework.dart:5618:55)
#6      ComponentElement.mount (package:flutter/src/widgets/framework.dart:5463:5)
...     Normal element mounting (228 frames)
#234    Element.inflateWidget (package:flutter/src/widgets/framework.dart:4340:16)
#235    MultiChildRenderObjectElement.inflateWidget (package:flutter/src/widgets/framework.dart:6904:36)
#236    MultiChildRenderObjectElement.mount (package:flutter/src/widgets/framework.dart:6916:32)
...     Normal element mounting (457 frames)
#693    Element.inflateWidget (package:flutter/src/widgets/framework.dart:4340:16)
#694    Element.updateChild (package:flutter/src/widgets/framework.dart:3843:20)
#695    ComponentElement.performRebuild (package:flutter/src/widgets/framework.dart:5512:16)
#696    Element.rebuild (package:flutter/src/widgets/framework.dart:5203:7)
#697    ProxyElement.update (package:flutter/src/widgets/framework.dart:5816:5)
#698    Element.updateChild (package:flutter/src/widgets/framework.dart:3827:15)
#699    ComponentElement.performRebuild (package:flutter/src/widgets/framework.dart:5512:16)
#700    StatefulElement.performRebuild (package:flutter/src/widgets/framework.dart:5650:11)
#701    Element.rebuild (package:flutter/src/widgets/framework.dart:5203:7)
#702    StatefulElement.update (package:flutter/src/widgets/framework.dart:5673:5)
#703    Element.updateChild (package:flutter/src/widgets/framework.dart:3827:15)
#704    ComponentElement.performRebuild (package:flutter/src/widgets/framework.dart:5512:16)
#705    Element.rebuild (package:flutter/src/widgets/framework.dart:5203:7)
#706    ProxyElement.update (package:flutter/src/widgets/framework.dart:5816:5)
#707    Element.updateChild (package:flutter/src/widgets/framework.dart:3827:15)
#708    ComponentElement.performRebuild (package:flutter/src/widgets/framework.dart:5512:16)
#709    Element.rebuild (package:flutter/src/widgets/framework.dart:5203:7)
#710    ProxyElement.update (package:flutter/src/widgets/framework.dart:5816:5)
#711    Element.updateChild (package:flutter/src/widgets/framework.dart:3827:15)
#712    _RawViewElement._updateChild (package:flutter/src/widgets/view.dart:291:16)
#713    _RawViewElement.update (package:flutter/src/widgets/view.dart:378:5)
#714    Element.updateChild (package:flutter/src/widgets/framework.dart:3827:15)
#715    ComponentElement.performRebuild (package:flutter/src/widgets/framework.dart:5512:16)
#716    Element.rebuild (package:flutter/src/widgets/framework.dart:5203:7)
#717    StatelessElement.update (package:flutter/src/widgets/framework.dart:5563:5)
#718    Element.updateChild (package:flutter/src/widgets/framework.dart:3827:15)
#719    RootElement._rebuild (package:flutter/src/widgets/binding.dart:1581:16)
#720    RootElement.update (package:flutter/src/widgets/binding.dart:1559:5)
#721    RootElement.performRebuild (package:flutter/src/widgets/binding.dart:1573:7)
#722    Element.rebuild (package:flutter/src/widgets/framework.dart:5203:7)
#723    BuildOwner.buildScope (package:flutter/src/widgets/framework.dart:2905:19)
#724    AutomatedTestWidgetsFlutterBinding.drawFrame (package:flutter_test/src/binding.dart:1418:19)
#725    RendererBinding._handlePersistentFrameCallback (package:flutter/src/rendering/binding.dart:443:5)
#726    SchedulerBinding._invokeFrameCallback (package:flutter/src/scheduler/binding.dart:1392:15)
#727    SchedulerBinding.handleDrawFrame (package:flutter/src/scheduler/binding.dart:1313:9)
#728    AutomatedTestWidgetsFlutterBinding.pump.<anonymous closure> (package:flutter_test/src/binding.dart:1273:9)
#731    TestAsyncUtils.guard (package:flutter_test/src/test_async_utils.dart:71:41)
#732    AutomatedTestWidgetsFlutterBinding.pump (package:flutter_test/src/binding.dart:1260:27)
#733    WidgetTester.pumpWidget.<anonymous closure> (package:flutter_test/src/widget_tester.dart:602:22)
#736    TestAsyncUtils.guard (package:flutter_test/src/test_async_utils.dart:71:41)
#737    WidgetTester.pumpWidget (package:flutter_test/src/widget_tester.dart:599:27)
#738    main.<anonymous closure> (file:///D:/programs/ascend_app/test/custom_web_view_test.dart:69:18)
#739    testWidgets.<anonymous closure>.<anonymous closure> (package:flutter_test/src/widget_tester.dart:183:29)
<asynchronous suspension>
#740    TestWidgetsFlutterBinding._runTestBody (package:flutter_test/src/binding.dart:1017:5)
<asynchronous suspension>
<asynchronous suspension>
(elided 5 frames from dart:async and package:stack_trace)

ΓòÉΓòÉΓòÉΓòÉΓòÉΓòÉΓòÉΓòÉΓòÉΓòÉΓòÉΓòÉΓòÉΓòÉΓòÉΓòÉΓòÉΓòÉΓòÉΓòÉΓòÉΓòÉΓòÉΓòÉΓòÉΓòÉΓòÉΓòÉΓòÉΓòÉΓòÉΓòÉΓòÉΓòÉΓòÉΓòÉΓòÉΓòÉΓòÉΓòÉΓòÉΓòÉΓòÉΓòÉΓòÉΓòÉΓòÉΓòÉΓòÉΓòÉΓòÉΓòÉΓòÉΓòÉΓòÉΓòÉΓòÉΓòÉΓòÉΓòÉΓòÉΓòÉΓòÉΓòÉΓòÉΓòÉΓòÉΓòÉΓòÉΓòÉΓòÉΓòÉΓòÉΓòÉΓòÉΓòÉΓòÉΓòÉΓòÉΓòÉΓòÉΓòÉΓòÉΓòÉΓòÉΓòÉΓòÉΓòÉΓòÉΓòÉΓòÉΓòÉΓòÉΓòÉΓòÉΓòÉΓòÉΓòÉΓòÉΓòÉ
ΓòÉΓòÉΓòí EXCEPTION CAUGHT BY FLUTTER TEST FRAMEWORK Γò₧ΓòÉΓòÉΓòÉΓòÉΓòÉΓòÉΓòÉΓòÉΓòÉΓòÉΓòÉΓòÉΓòÉΓòÉΓòÉΓòÉΓòÉΓòÉΓòÉΓòÉΓòÉΓòÉΓòÉΓòÉΓòÉΓòÉΓòÉΓòÉΓòÉΓòÉΓòÉΓòÉΓòÉΓòÉΓòÉΓòÉΓòÉΓòÉΓòÉΓòÉΓòÉΓòÉΓòÉΓòÉΓòÉΓòÉΓòÉΓòÉΓòÉΓòÉΓòÉΓòÉ
The following TestFailure was thrown running a test:
Expected: exactly one matching candidate
  Actual: _TextWidgetFinder:<Found 0 widgets with text "Test Web View": []>
   Which: means none were found but one was expected

When the exception was thrown, this was the stack:
#4      main.<anonymous closure> (file:///D:/programs/ascend_app/test/custom_web_view_test.dart:79:5)
<asynchronous suspension>
#5      testWidgets.<anonymous closure>.<anonymous closure> (package:flutter_test/src/widget_tester.dart:183:15)
<asynchronous suspension>
#6      TestWidgetsFlutterBinding._runTestBody (package:flutter_test/src/binding.dart:1017:5)
<asynchronous suspension>
<asynchronous suspension>
(elided one frame from package:stack_trace)

This was caught by the test expectation on the following line:
  file:///D:/programs/ascend_app/test/custom_web_view_test.dart line 79
The test description was:
  CustomWebView renders correctly and displays title
ΓòÉΓòÉΓòÉΓòÉΓòÉΓòÉΓòÉΓòÉΓòÉΓòÉΓòÉΓòÉΓòÉΓòÉΓòÉΓòÉΓòÉΓòÉΓòÉΓòÉΓòÉΓòÉΓòÉΓòÉΓòÉΓòÉΓòÉΓòÉΓòÉΓòÉΓòÉΓòÉΓòÉΓòÉΓòÉΓòÉΓòÉΓòÉΓòÉΓòÉΓòÉΓòÉΓòÉΓòÉΓòÉΓòÉΓòÉΓòÉΓòÉΓòÉΓòÉΓòÉΓòÉΓòÉΓòÉΓòÉΓòÉΓòÉΓòÉΓòÉΓòÉΓòÉΓòÉΓòÉΓòÉΓòÉΓòÉΓòÉΓòÉΓòÉΓòÉΓòÉΓòÉΓòÉΓòÉΓòÉΓòÉΓòÉΓòÉΓòÉΓòÉΓòÉΓòÉΓòÉΓòÉΓòÉΓòÉΓòÉΓòÉΓòÉΓòÉΓòÉΓòÉΓòÉΓòÉΓòÉΓòÉΓòÉΓòÉΓòÉ
ΓòÉΓòÉΓòí EXCEPTION CAUGHT BY FLUTTER TEST FRAMEWORK Γò₧ΓòÉΓòÉΓòÉΓòÉΓòÉΓòÉΓòÉΓòÉΓòÉΓòÉΓòÉΓòÉΓòÉΓòÉΓòÉΓòÉΓòÉΓòÉΓòÉΓòÉΓòÉΓòÉΓòÉΓòÉΓòÉΓòÉΓòÉΓòÉΓòÉΓòÉΓòÉΓòÉΓòÉΓòÉΓòÉΓòÉΓòÉΓòÉΓòÉΓòÉΓòÉΓòÉΓòÉΓòÉΓòÉΓòÉΓòÉΓòÉΓòÉΓòÉΓòÉΓòÉ
The following message was thrown:
Multiple exceptions (2) were detected during the running of the current test, and at least one was
unexpected.
ΓòÉΓòÉΓòÉΓòÉΓòÉΓòÉΓòÉΓòÉΓòÉΓòÉΓòÉΓòÉΓòÉΓòÉΓòÉΓòÉΓòÉΓòÉΓòÉΓòÉΓòÉΓòÉΓòÉΓòÉΓòÉΓòÉΓòÉΓòÉΓòÉΓòÉΓòÉΓòÉΓòÉΓòÉΓòÉΓòÉΓòÉΓòÉΓòÉΓòÉΓòÉΓòÉΓòÉΓòÉΓòÉΓòÉΓòÉΓòÉΓòÉΓòÉΓòÉΓòÉΓòÉΓòÉΓòÉΓòÉΓòÉΓòÉΓòÉΓòÉΓòÉΓòÉΓòÉΓòÉΓòÉΓòÉΓòÉΓòÉΓòÉΓòÉΓòÉΓòÉΓòÉΓòÉΓòÉΓòÉΓòÉΓòÉΓòÉΓòÉΓòÉΓòÉΓòÉΓòÉΓòÉΓòÉΓòÉΓòÉΓòÉΓòÉΓòÉΓòÉΓòÉΓòÉΓòÉΓòÉΓòÉΓòÉΓòÉΓòÉ
00:00 +0 -1: CustomWebView renders correctly and displays title [E]
  Test failed. See exception logs above.
  The test description was: CustomWebView renders correctly and displays title
  
00:00 +0 -1: (tearDownAll)
00:00 +0 -1: Some tests failed.
